<<<<<<< HEAD
[2026-08-03 11:28:39]

CPU Usage   : 5%
RAM Usage   : 36%
Disk Usage  : 38%
Swap Usage  : 0%
Load Avg    : 0.00
Uptime      : up 21 minutes
Users       : Active SSH Connections : 1
=======
[2026-08-03 10:53:16]

CPU Usage   : 0%
RAM Usage   : 33%
Disk Usage  : 40%
Swap Usage  : 0%
Load Avg    : 0.00
Uptime      : up 2 hours, 43 minutes
Users       : Active SSH Connections : 2
>>>>>>> e385b1baf171d1ecdf07b7045c51033b6306fe70

Connected Users:
ubuntu

STATUS : OK
---------------------------------------------
